// Jest Snapshot v1, https://goo.gl/fbAQLP

exports[`should render NominationPage with movies 1`] = `
<NewBallotProvider>
  <AppPage>
    <CreateBallotPageContainer>
      <WelcomeMessage />
      <MovieSearch
        numResults={5}
      />
      <CreateBallotMovieListContainer />
      <ButtonGroup>
        <SaveBallotButton />
        <StartOverButton />
      </ButtonGroup>
    </CreateBallotPageContainer>
  </AppPage>
</NewBallotProvider>
`;

exports[`should render NominationPage with no movies 1`] = `
<NewBallotProvider>
  <AppPage>
    <CreateBallotPageContainer>
      <WelcomeMessage />
      <MovieSearch
        numResults={5}
      />
      <CreateBallotMovieListContainer />
      <ButtonGroup>
        <SaveBallotButton />
        <StartOverButton />
      </ButtonGroup>
    </CreateBallotPageContainer>
  </AppPage>
</NewBallotProvider>
`;
