// Jest Snapshot v1, https://goo.gl/fbAQLP

exports[`should render ExpenseDashboardPage 1`] = `
<ContextProvider
  value={
    Object {
      "dispatch": [Function],
      "searchResults": Array [],
    }
  }
>
  <div
    className="content-container"
  >
    <MovieSearch />
  </div>
</ContextProvider>
`;
