// Jest Snapshot v1, https://goo.gl/fbAQLP

exports[`should render MovieListItem correctly with movie 1`] = `
<OutsideClickHandler
  disabled={false}
  display="block"
  onOutsideClick={[Function]}
  useCapture={true}
>
  <MovieListItemCollapsed
    onClick={[Function]}
    posterPath="/gycdE1ARByGQcK4fYR2mgpU6OO.jpg"
    releaseDate="2004-02-10"
    title="Before Sunset"
    voteAverage={7.8}
  />
</OutsideClickHandler>
`;
